<?xml version="1.0" encoding="UTF-8"?>
<testng-results ignored="0" total="11" passed="11" failed="0" skipped="0">
  <reporter-output>
  </reporter-output>
  <suite started-at="2024-08-31T20:44:52 IST" name="Test case suite e-commerce application" finished-at="2024-08-31T20:49:50 IST" duration-ms="298271">
    <groups>
      <group name="Regression_Test">
        <method signature="QKART_Tests.TestCase04()[pri:4, instance:QKART_TESTNG.QKART_Tests@f5ba54a]" name="TestCase04" class="QKART_TESTNG.QKART_Tests"/>
        <method signature="QKART_Tests.TestCase06(java.lang.String, java.lang.String)[pri:6, instance:QKART_TESTNG.QKART_Tests@f5ba54a]" name="TestCase06" class="QKART_TESTNG.QKART_Tests"/>
        <method signature="QKART_Tests.TestCase08()[pri:8, instance:QKART_TESTNG.QKART_Tests@f5ba54a]" name="TestCase08" class="QKART_TESTNG.QKART_Tests"/>
        <method signature="QKART_Tests.TestCase09()[pri:9, instance:QKART_TESTNG.QKART_Tests@f5ba54a]" name="TestCase09" class="QKART_TESTNG.QKART_Tests"/>
        <method signature="QKART_Tests.TestCase10()[pri:10, instance:QKART_TESTNG.QKART_Tests@f5ba54a]" name="TestCase10" class="QKART_TESTNG.QKART_Tests"/>
      </group> <!-- Regression_Test -->
      <group name="Sanity_test">
        <method signature="QKART_Tests.TestCase01(java.lang.String, java.lang.String)[pri:1, instance:QKART_TESTNG.QKART_Tests@f5ba54a]" name="TestCase01" class="QKART_TESTNG.QKART_Tests"/>
        <method signature="QKART_Tests.TestCase02()[pri:2, instance:QKART_TESTNG.QKART_Tests@f5ba54a]" name="TestCase02" class="QKART_TESTNG.QKART_Tests"/>
        <method signature="QKART_Tests.TestCase03()[pri:3, instance:QKART_TESTNG.QKART_Tests@f5ba54a]" name="TestCase03" class="QKART_TESTNG.QKART_Tests"/>
        <method signature="QKART_Tests.TestCase05(java.lang.String, java.lang.String, java.lang.String)[pri:5, instance:QKART_TESTNG.QKART_Tests@f5ba54a]" name="TestCase05" class="QKART_TESTNG.QKART_Tests"/>
        <method signature="QKART_Tests.TestCase07(java.lang.String, java.lang.Integer)[pri:7, instance:QKART_TESTNG.QKART_Tests@f5ba54a]" name="TestCase07" class="QKART_TESTNG.QKART_Tests"/>
        <method signature="QKART_Tests.TestCase11()[pri:11, instance:QKART_TESTNG.QKART_Tests@f5ba54a]" name="TestCase11" class="QKART_TESTNG.QKART_Tests"/>
      </group> <!-- Sanity_test -->
    </groups>
    <test started-at="2024-08-31T20:44:52 IST" name="Test case execution on Chrome" finished-at="2024-08-31T20:49:50 IST" duration-ms="298271">
      <class name="QKART_TESTNG.QKART_Tests">
        <test-method is-config="true" signature="createDriver()[pri:0, instance:QKART_TESTNG.QKART_Tests@f5ba54a]" started-at="2024-08-31T20:44:49 IST" name="createDriver" finished-at="2024-08-31T20:44:52 IST" duration-ms="3111" status="PASS">
          <reporter-output>
          </reporter-output>
        </test-method> <!-- createDriver -->
        <test-method signature="TestCase01(java.lang.String, java.lang.String)[pri:1, instance:QKART_TESTNG.QKART_Tests@f5ba54a]" started-at="2024-08-31T20:44:52 IST" name="TestCase01" description="Verify registration happens correctly" finished-at="2024-08-31T20:45:04 IST" duration-ms="11986" status="PASS">
          <params>
            <param index="0">
              <value>
                <![CDATA[testUser]]>
              </value>
            </param>
            <param index="1">
              <value>
                <![CDATA[abc@123]]>
              </value>
            </param>
          </params>
          <reporter-output>
          </reporter-output>
        </test-method> <!-- TestCase01 -->
        <test-method signature="TestCase02()[pri:2, instance:QKART_TESTNG.QKART_Tests@f5ba54a]" started-at="2024-08-31T20:45:06 IST" name="TestCase02" description="Verify re-registering an already registered user fails" finished-at="2024-08-31T20:45:42 IST" duration-ms="36497" status="PASS">
          <reporter-output>
          </reporter-output>
        </test-method> <!-- TestCase02 -->
        <test-method signature="TestCase03()[pri:3, instance:QKART_TESTNG.QKART_Tests@f5ba54a]" started-at="2024-08-31T20:45:43 IST" name="TestCase03" description="Verify the functionality of search text box" finished-at="2024-08-31T20:46:08 IST" duration-ms="25587" status="PASS">
          <reporter-output>
          </reporter-output>
        </test-method> <!-- TestCase03 -->
        <test-method signature="TestCase04()[pri:4, instance:QKART_TESTNG.QKART_Tests@f5ba54a]" started-at="2024-08-31T20:46:09 IST" name="TestCase04" description="Verify the existence of size chart for certain items and validate contents of size chart" finished-at="2024-08-31T20:46:28 IST" duration-ms="19085" status="PASS">
          <reporter-output>
          </reporter-output>
        </test-method> <!-- TestCase04 -->
        <test-method signature="TestCase05(java.lang.String, java.lang.String, java.lang.String)[pri:5, instance:QKART_TESTNG.QKART_Tests@f5ba54a]" started-at="2024-08-31T20:46:29 IST" name="TestCase05" description="Verify that a new user can add multiple products in to the cart and Checkout" finished-at="2024-08-31T20:46:58 IST" duration-ms="29737" status="PASS">
          <params>
            <param index="0">
              <value>
                <![CDATA[YONEX Smash Badminton Racquet]]>
              </value>
            </param>
            <param index="1">
              <value>
                <![CDATA[Tan Leatherette Weekender Duffle]]>
              </value>
            </param>
            <param index="2">
              <value>
                <![CDATA[Addr line 1 addr Line 2 addr line 3]]>
              </value>
            </param>
          </params>
          <reporter-output>
          </reporter-output>
        </test-method> <!-- TestCase05 -->
        <test-method signature="TestCase06(java.lang.String, java.lang.String)[pri:6, instance:QKART_TESTNG.QKART_Tests@f5ba54a]" started-at="2024-08-31T20:46:59 IST" name="TestCase06" description="Verify that the contents of the cart can be edited" finished-at="2024-08-31T20:47:40 IST" duration-ms="40388" status="PASS">
          <params>
            <param index="0">
              <value>
                <![CDATA[Xtend Smart Watch]]>
              </value>
            </param>
            <param index="1">
              <value>
                <![CDATA[Yarine Floor Lamp]]>
              </value>
            </param>
          </params>
          <reporter-output>
          </reporter-output>
        </test-method> <!-- TestCase06 -->
        <test-method signature="TestCase07(java.lang.String, java.lang.Integer)[pri:7, instance:QKART_TESTNG.QKART_Tests@f5ba54a]" started-at="2024-08-31T20:47:41 IST" name="TestCase07" description="Verify that insufficient balance error is thrown when the wallet balance is not enough" finished-at="2024-08-31T20:48:40 IST" duration-ms="59316" status="PASS">
          <params>
            <param index="0">
              <value>
                <![CDATA[Stylecon 9 Seater RHS Sofa Set ]]>
              </value>
            </param>
            <param index="1">
              <value>
                <![CDATA[10]]>
              </value>
            </param>
          </params>
          <reporter-output>
          </reporter-output>
        </test-method> <!-- TestCase07 -->
        <test-method signature="TestCase08()[pri:8, instance:QKART_TESTNG.QKART_Tests@f5ba54a]" started-at="2024-08-31T20:48:40 IST" name="TestCase08" description="Verify that a product added to a cart is available when a new tab is added" finished-at="2024-08-31T20:49:01 IST" duration-ms="20461" status="PASS">
          <reporter-output>
          </reporter-output>
        </test-method> <!-- TestCase08 -->
        <test-method signature="TestCase09()[pri:9, instance:QKART_TESTNG.QKART_Tests@f5ba54a]" started-at="2024-08-31T20:49:01 IST" name="TestCase09" description="Verify that privacy policy and about us links are working fine" finished-at="2024-08-31T20:49:21 IST" duration-ms="19480" status="PASS">
          <reporter-output>
          </reporter-output>
        </test-method> <!-- TestCase09 -->
        <test-method signature="TestCase10()[pri:10, instance:QKART_TESTNG.QKART_Tests@f5ba54a]" started-at="2024-08-31T20:49:21 IST" name="TestCase10" description="Verify that the contact us dialog works fine" finished-at="2024-08-31T20:49:23 IST" duration-ms="2602" status="PASS">
          <reporter-output>
          </reporter-output>
        </test-method> <!-- TestCase10 -->
        <test-method signature="TestCase11()[pri:11, instance:QKART_TESTNG.QKART_Tests@f5ba54a]" started-at="2024-08-31T20:49:24 IST" name="TestCase11" description="Ensure that the Advertisement Links on the QKART page are clickable" finished-at="2024-08-31T20:49:50 IST" duration-ms="26498" status="PASS">
          <reporter-output>
          </reporter-output>
        </test-method> <!-- TestCase11 -->
        <test-method is-config="true" signature="quitDriver()[pri:0, instance:QKART_TESTNG.QKART_Tests@f5ba54a]" started-at="2024-08-31T20:49:51 IST" name="quitDriver" finished-at="2024-08-31T20:49:51 IST" duration-ms="79" status="PASS">
          <reporter-output>
          </reporter-output>
        </test-method> <!-- quitDriver -->
      </class> <!-- QKART_TESTNG.QKART_Tests -->
    </test> <!-- Test case execution on Chrome -->
  </suite> <!-- Test case suite e-commerce application -->
</testng-results>
